Watching for file changes with StatReloader
Internal Server Error: /api/categories/
Traceback (most recent call last):
  File "C:\Users\Alucard\.virtualenvs\Expense_Tracking_API-etH5fN_T\Lib\site-packages\django\core\handlers\exception.py", line 55, in inner
    response = get_response(request)
  File "C:\Users\Alucard\.virtualenvs\Expense_Tracking_API-etH5fN_T\Lib\site-packages\django\core\handlers\base.py", line 197, in _get_response
    response = wrapped_callback(request, *callback_args, **callback_kwargs)
  File "C:\Users\Alucard\.virtualenvs\Expense_Tracking_API-etH5fN_T\Lib\site-packages\django\views\decorators\csrf.py", line 65, in _view_wrapper
    return view_func(request, *args, **kwargs)
  File "C:\Users\Alucard\.virtualenvs\Expense_Tracking_API-etH5fN_T\Lib\site-packages\django\views\generic\base.py", line 105, in view
    return self.dispatch(request, *args, **kwargs)
           ~~~~~~~~~~~~~^^^^^^^^^^^^^^^^^^^^^^^^^^
  File "C:\Users\Alucard\.virtualenvs\Expense_Tracking_API-etH5fN_T\Lib\site-packages\rest_framework\views.py", line 515, in dispatch
    response = self.handle_exception(exc)
  File "C:\Users\Alucard\.virtualenvs\Expense_Tracking_API-etH5fN_T\Lib\site-packages\rest_framework\views.py", line 475, in handle_exception
    self.raise_uncaught_exception(exc)
    ~~~~~~~~~~~~~~~~~~~~~~~~~~~~~^^^^^
  File "C:\Users\Alucard\.virtualenvs\Expense_Tracking_API-etH5fN_T\Lib\site-packages\rest_framework\views.py", line 486, in raise_uncaught_exception
    raise exc
  File "C:\Users\Alucard\.virtualenvs\Expense_Tracking_API-etH5fN_T\Lib\site-packages\rest_framework\views.py", line 512, in dispatch
    response = handler(request, *args, **kwargs)
  File "C:\Users\Alucard\.virtualenvs\Expense_Tracking_API-etH5fN_T\Lib\site-packages\rest_framework\generics.py", line 203, in get
    return self.list(request, *args, **kwargs)
           ~~~~~~~~~^^^^^^^^^^^^^^^^^^^^^^^^^^
  File "C:\Users\Alucard\.virtualenvs\Expense_Tracking_API-etH5fN_T\Lib\site-packages\rest_framework\mixins.py", line 38, in list
    queryset = self.filter_queryset(self.get_queryset())
                                    ~~~~~~~~~~~~~~~~~^^
  File "C:\Users\Alucard\python projects\Expense_Tracking_API\api\views.py", line 64, in get_queryset
    return Category.objects.filter(user=self.request.user)
           ~~~~~~~~~~~~~~~~~~~~~~~^^^^^^^^^^^^^^^^^^^^^^^^
  File "C:\Users\Alucard\.virtualenvs\Expense_Tracking_API-etH5fN_T\Lib\site-packages\django\db\models\manager.py", line 87, in manager_method
    return getattr(self.get_queryset(), name)(*args, **kwargs)
           ~~~~~~~~~~~~~~~~~~~~~~~~~~~~~~~~~~^^^^^^^^^^^^^^^^^
  File "C:\Users\Alucard\.virtualenvs\Expense_Tracking_API-etH5fN_T\Lib\site-packages\django\db\models\query.py", line 1495, in filter
    return self._filter_or_exclude(False, args, kwargs)
           ~~~~~~~~~~~~~~~~~~~~~~~^^^^^^^^^^^^^^^^^^^^^
  File "C:\Users\Alucard\.virtualenvs\Expense_Tracking_API-etH5fN_T\Lib\site-packages\django\db\models\query.py", line 1513, in _filter_or_exclude
    clone._filter_or_exclude_inplace(negate, args, kwargs)
    ~~~~~~~~~~~~~~~~~~~~~~~~~~~~~~~~^^^^^^^^^^^^^^^^^^^^^^
  File "C:\Users\Alucard\.virtualenvs\Expense_Tracking_API-etH5fN_T\Lib\site-packages\django\db\models\query.py", line 1523, in _filter_or_exclude_inplace
    self._query.add_q(Q(*args, **kwargs))
    ~~~~~~~~~~~~~~~~~^^^^^^^^^^^^^^^^^^^^
  File "C:\Users\Alucard\.virtualenvs\Expense_Tracking_API-etH5fN_T\Lib\site-packages\django\db\models\sql\query.py", line 1646, in add_q
    clause, _ = self._add_q(q_object, can_reuse)
                ~~~~~~~~~~~^^^^^^^^^^^^^^^^^^^^^
  File "C:\Users\Alucard\.virtualenvs\Expense_Tracking_API-etH5fN_T\Lib\site-packages\django\db\models\sql\query.py", line 1678, in _add_q
    child_clause, needed_inner = self.build_filter(
                                 ~~~~~~~~~~~~~~~~~^
        child,
        ^^^^^^
    ...<7 lines>...
        update_join_types=update_join_types,
        ^^^^^^^^^^^^^^^^^^^^^^^^^^^^^^^^^^^^
    )
    ^
  File "C:\Users\Alucard\.virtualenvs\Expense_Tracking_API-etH5fN_T\Lib\site-packages\django\db\models\sql\query.py", line 1526, in build_filter
    lookups, parts, reffed_expression = self.solve_lookup_type(arg, summarize)
                                        ~~~~~~~~~~~~~~~~~~~~~~^^^^^^^^^^^^^^^^
  File "C:\Users\Alucard\.virtualenvs\Expense_Tracking_API-etH5fN_T\Lib\site-packages\django\db\models\sql\query.py", line 1333, in solve_lookup_type
    _, field, _, lookup_parts = self.names_to_path(lookup_splitted, self.get_meta())
                                ~~~~~~~~~~~~~~~~~~^^^^^^^^^^^^^^^^^^^^^^^^^^^^^^^^^^
  File "C:\Users\Alucard\.virtualenvs\Expense_Tracking_API-etH5fN_T\Lib\site-packages\django\db\models\sql\query.py", line 1806, in names_to_path
    raise FieldError(
    ...<2 lines>...
    )
django.core.exceptions.FieldError: Cannot resolve keyword 'user' into field. Choices are: expenses, id, title
Unauthorized: /api/expenses/
Bad Request: /api/expenses/
Bad Request: /api/expenses/
Not Found: /
Unauthorized: /api/expenses/
Successfully imported extension module "markdown.extensions.toc".
Successfully loaded extension "markdown.extensions.toc.TocExtension".
Successfully imported extension module "markdown.extensions.toc".
Successfully loaded extension "markdown.extensions.toc.TocExtension".
Internal Server Error: /api/categories/
Traceback (most recent call last):
  File "C:\Users\Alucard\.virtualenvs\Expense_Tracking_API-etH5fN_T\Lib\site-packages\django\core\handlers\exception.py", line 55, in inner
    response = get_response(request)
  File "C:\Users\Alucard\.virtualenvs\Expense_Tracking_API-etH5fN_T\Lib\site-packages\django\core\handlers\base.py", line 197, in _get_response
    response = wrapped_callback(request, *callback_args, **callback_kwargs)
  File "C:\Users\Alucard\.virtualenvs\Expense_Tracking_API-etH5fN_T\Lib\site-packages\django\views\decorators\csrf.py", line 65, in _view_wrapper
    return view_func(request, *args, **kwargs)
  File "C:\Users\Alucard\.virtualenvs\Expense_Tracking_API-etH5fN_T\Lib\site-packages\django\views\generic\base.py", line 105, in view
    return self.dispatch(request, *args, **kwargs)
           ~~~~~~~~~~~~~^^^^^^^^^^^^^^^^^^^^^^^^^^
  File "C:\Users\Alucard\.virtualenvs\Expense_Tracking_API-etH5fN_T\Lib\site-packages\rest_framework\views.py", line 515, in dispatch
    response = self.handle_exception(exc)
  File "C:\Users\Alucard\.virtualenvs\Expense_Tracking_API-etH5fN_T\Lib\site-packages\rest_framework\views.py", line 475, in handle_exception
    self.raise_uncaught_exception(exc)
    ~~~~~~~~~~~~~~~~~~~~~~~~~~~~~^^^^^
  File "C:\Users\Alucard\.virtualenvs\Expense_Tracking_API-etH5fN_T\Lib\site-packages\rest_framework\views.py", line 486, in raise_uncaught_exception
    raise exc
  File "C:\Users\Alucard\.virtualenvs\Expense_Tracking_API-etH5fN_T\Lib\site-packages\rest_framework\views.py", line 512, in dispatch
    response = handler(request, *args, **kwargs)
  File "C:\Users\Alucard\.virtualenvs\Expense_Tracking_API-etH5fN_T\Lib\site-packages\rest_framework\generics.py", line 203, in get
    return self.list(request, *args, **kwargs)
           ~~~~~~~~~^^^^^^^^^^^^^^^^^^^^^^^^^^
  File "C:\Users\Alucard\.virtualenvs\Expense_Tracking_API-etH5fN_T\Lib\site-packages\rest_framework\mixins.py", line 38, in list
    queryset = self.filter_queryset(self.get_queryset())
                                    ~~~~~~~~~~~~~~~~~^^
  File "C:\Users\Alucard\python projects\Expense_Tracking_API\api\views.py", line 64, in get_queryset
    return Category.objects.filter(user=self.request.user)
           ~~~~~~~~~~~~~~~~~~~~~~~^^^^^^^^^^^^^^^^^^^^^^^^
  File "C:\Users\Alucard\.virtualenvs\Expense_Tracking_API-etH5fN_T\Lib\site-packages\django\db\models\manager.py", line 87, in manager_method
    return getattr(self.get_queryset(), name)(*args, **kwargs)
           ~~~~~~~~~~~~~~~~~~~~~~~~~~~~~~~~~~^^^^^^^^^^^^^^^^^
  File "C:\Users\Alucard\.virtualenvs\Expense_Tracking_API-etH5fN_T\Lib\site-packages\django\db\models\query.py", line 1495, in filter
    return self._filter_or_exclude(False, args, kwargs)
           ~~~~~~~~~~~~~~~~~~~~~~~^^^^^^^^^^^^^^^^^^^^^
  File "C:\Users\Alucard\.virtualenvs\Expense_Tracking_API-etH5fN_T\Lib\site-packages\django\db\models\query.py", line 1513, in _filter_or_exclude
    clone._filter_or_exclude_inplace(negate, args, kwargs)
    ~~~~~~~~~~~~~~~~~~~~~~~~~~~~~~~~^^^^^^^^^^^^^^^^^^^^^^
  File "C:\Users\Alucard\.virtualenvs\Expense_Tracking_API-etH5fN_T\Lib\site-packages\django\db\models\query.py", line 1523, in _filter_or_exclude_inplace
    self._query.add_q(Q(*args, **kwargs))
    ~~~~~~~~~~~~~~~~~^^^^^^^^^^^^^^^^^^^^
  File "C:\Users\Alucard\.virtualenvs\Expense_Tracking_API-etH5fN_T\Lib\site-packages\django\db\models\sql\query.py", line 1646, in add_q
    clause, _ = self._add_q(q_object, can_reuse)
                ~~~~~~~~~~~^^^^^^^^^^^^^^^^^^^^^
  File "C:\Users\Alucard\.virtualenvs\Expense_Tracking_API-etH5fN_T\Lib\site-packages\django\db\models\sql\query.py", line 1678, in _add_q
    child_clause, needed_inner = self.build_filter(
                                 ~~~~~~~~~~~~~~~~~^
        child,
        ^^^^^^
    ...<7 lines>...
        update_join_types=update_join_types,
        ^^^^^^^^^^^^^^^^^^^^^^^^^^^^^^^^^^^^
    )
    ^
  File "C:\Users\Alucard\.virtualenvs\Expense_Tracking_API-etH5fN_T\Lib\site-packages\django\db\models\sql\query.py", line 1526, in build_filter
    lookups, parts, reffed_expression = self.solve_lookup_type(arg, summarize)
                                        ~~~~~~~~~~~~~~~~~~~~~~^^^^^^^^^^^^^^^^
  File "C:\Users\Alucard\.virtualenvs\Expense_Tracking_API-etH5fN_T\Lib\site-packages\django\db\models\sql\query.py", line 1333, in solve_lookup_type
    _, field, _, lookup_parts = self.names_to_path(lookup_splitted, self.get_meta())
                                ~~~~~~~~~~~~~~~~~~^^^^^^^^^^^^^^^^^^^^^^^^^^^^^^^^^^
  File "C:\Users\Alucard\.virtualenvs\Expense_Tracking_API-etH5fN_T\Lib\site-packages\django\db\models\sql\query.py", line 1806, in names_to_path
    raise FieldError(
    ...<2 lines>...
    )
django.core.exceptions.FieldError: Cannot resolve keyword 'user' into field. Choices are: expenses, id, title
C:\Users\Alucard\python projects\Expense_Tracking_API\api\models.py changed, reloading.
Watching for file changes with StatReloader
C:\Users\Alucard\python projects\Expense_Tracking_API\api\models.py changed, reloading.
Watching for file changes with StatReloader
C:\Users\Alucard\python projects\Expense_Tracking_API\api\models.py changed, reloading.
Watching for file changes with StatReloader
C:\Users\Alucard\python projects\Expense_Tracking_API\api\models.py changed, reloading.
Watching for file changes with StatReloader
C:\Users\Alucard\python projects\Expense_Tracking_API\api\models.py changed, reloading.
Watching for file changes with StatReloader
C:\Users\Alucard\python projects\Expense_Tracking_API\api\models.py changed, reloading.
Watching for file changes with StatReloader
